C51 COMPILER V9.60.0.0   DELAY                                                             11/05/2022 15:17:17 PAGE 1   


C51 COMPILER V9.60.0.0, COMPILATION OF MODULE DELAY
OBJECT MODULE PLACED IN .\Objects\delay.obj
COMPILER INVOKED BY: C:\Keil_v5\C51\BIN\C51.EXE ..\8051_Lib\libraries-20221022T064321Z-001\libraries\delay.c OMF2 OPTIMI
                    -ZE(8,SPEED) BROWSE INCDIR(..\8051_Lib\libraries-20221022T064321Z-001\libraries) DEBUG PRINT(.\Listings\delay.lst) TABS(2
                    -) OBJECT(.\Objects\delay.obj)

line level    source

   1          #include "delay.h"
   2          
   3          
   4          void delayMs(unsigned int t)
   5          {
   6   1        int i,j;
   7   1        for(i=0;i<t;i++)
   8   1          for(j=0;j<123;j++) {}  //1ms
   9   1      }
  10          
  11          /*NOTE: 17<t<255 */
  12          void DelayUs(unsigned char t)  //Timer0, Mode 2, NO Interrupt
  13          {   
  14   1        TMOD = 0x02;  //Timer0, Mode 2
  15   1        TL0 = 255-t+17;  //Don't need TH, use 1 pulse.
  16   1        TF0 = 0;
  17   1        TR0 = 1;    //Start Timer0
  18   1        while(TF0==0);
  19   1        TR0 = 0;    //Stop Timer0
  20   1      }


MODULE INFORMATION:   STATIC OVERLAYABLE
   CODE SIZE        =     51    ----
   CONSTANT SIZE    =   ----    ----
   XDATA SIZE       =   ----    ----
   PDATA SIZE       =   ----    ----
   DATA SIZE        =   ----    ----
   IDATA SIZE       =   ----    ----
   BIT SIZE         =   ----    ----
   EDATA SIZE       =   ----    ----
   HDATA SIZE       =   ----    ----
   XDATA CONST SIZE =   ----    ----
   FAR CONST SIZE   =   ----    ----
END OF MODULE INFORMATION.


C51 COMPILATION COMPLETE.  0 WARNING(S),  0 ERROR(S)
